## Braille short words
#
# jsk: notic this is compiled by hand
# mostly from https://www.teachingvisuallyimpaired.com/uploads/1/4/1/2/14122361/ueb_braille_chart.pdf

# % means non letter
#%a_	# is already 'a '
%b_	but_
%c_	can_
%d_	do_
%e_	every_
%f_	from_
%g_	go_
%h_	have_
#%i	# is already 'I '
%j_	just_
%k_	knowledge_
%l_	like_
%m_	more_
%n_	not_
%o_	or_	# jsk (sf=of=or)
%p_	people_
%q_	quite_
%r_	rather_	# jsk prefer are?
%s_	so_
%t_	that_
%u_	us_
#%v_	# FREE
%w_	will_ # jsk: I'd prefer with!
%x_	it_
%y_	you_
%z_	as_	# jsk:is?

# strong contractions
# (part and whole word)
# (use key as shift then tap space)
A-_	and_
#S-_	:HARDSPACE # jsk: mmmhmmm
D-_	the_ # D' lol
F-_	for_
#g-_ taken by numbers: 0
#	of	# jsk: spell by itself
#	with	# jsk: I'd prefer for 'w'

# strong contractions
# TODO: cannot fit in?
# jsk: just type them out they unique
#    'ch': 'child',
#    'sh': 'shall',
#    'th': 'this',
#    'wh': 'which',
#    'ou': 'out',
#    'en': 'enough',
# (these are ok just type!)
# child
# shall
# this
# which # sgddg=which=sheet
# out # out=sun=sub=org
# still # still=shell=lycos

# initial letter contractions
# prefixed by '.' (contraction letter)
#.a	# FREE
.c	character_ # special
.d	day_
.e	ever_
.f	father_
#.g	# FREE
.h	here_
#.i	# FREE
.k	know_
.l	lord_ # hmmm, no like
.m	mother_
.n	one_ # hmmm ???
.o	ought_ # special
.p	part_
.q	question_
.r	right_
.s	some_
.t	time_
.t	through_ # special - conflict!
.t	there_ # special
.u	under_
#v	# FREE
.w	work_
.w	where_	#special - conflict!
#x	# FREE
.y	young_
#z	# FREE

# contraction-2 char ? .. ':' or ','
# (single letter assigned by me)
#,a	# FREE
#,b	# FREE
#,c	# FREE
#,d	# FREE
#,e	# ence_ below
#,f	# ful_ below
#,g	# FREE
,h	those_ # hmmm 'h'
#,i	# FREE
#,j	# FREE
#,k	# FREE
#,l	# FREE
#,k	# FREE
#,m	# FREE
#,n	# ong_ below
#,o	# FREE
#,p	# FREE
#,q	# FREE
#,r	# FREE
#,s	# FREE
,t	these_ # also tion_ below
,u	upon_
#,v	# FREE
,w	word_
,z	whose_ # hmmm 'z'
# why doesn't .. have more?

# contraction-3 char ? ... '.:' '!'?
# (single letter assigned by me)

#!a	# FREE
#!b	# FREE
!c	cannot_
#!d	# FREE
#!e	# FREE
#!f	# FREE
#!g	# FREE
!h	had_
#!i	# FREE
#!j	# FREE
#!k	# FREE
#!l	# FREE
!m	many_
#!n	# FREE
#!o	# FREE
#!p	# FREE
#!q	# FREE
#!r	# FREE
!s	spirit_
!t	their_
#!u	# FREE
#!v	# FREE
!w	world_
#!x	# FREE

## lower group signs
# ea
# bb
# cc
# ff
# gg
# be
# con
# dis
# en
# in

## lower wordsings
# be
# enough
# were
# his
# in
# was

# final letter group signs
# (single letter assigned by me)
# contaction-4 (some two, lol) using '?'
# ask?a => askance_
# TODO: invent glue (^ or &)
?a	ance_
,e	ence_
,f	ful_
?i	ity_
?l	less_
?m	ment_
,n	ong_
?o	ount_
?o	sound_
,s	ness_
?s	sion_
,t	tion_

## shortform words
# '?ab ' => ' about '
# %? asdfg (no shift case)
# %=new word ?=prefix char (d-g)

%?ab	about_ # ag=ab=at=an
#%ag	again_ # ag=ag=at=an ???

%?agv	above_ # agf=atm

# ac=pd=qk
#%ac	according_ # ad=pc=ad	
#%pd	paid_ # ad=pc=pi
#%qk	quick_ # ad=qk

%?acr	across_ # adf=per=air=pdf=aim=acm

%?af	after_ # af=pm=am=av=af
%?afn	afternoon_ # afg=art=put=aug=avg=pub=amy=arg

#%afs	afterward_ # !!!
%?afw	afterward_ # !!!

%?agst	against_ # !!!
%?%alm	almost_ # asf=por
%?%alr	already_ # asf=por
%?%al	also_ # as=al
%?%alth	although_ # !!!
%?%alt	altogether_ # asg=pst=pot=alt=ash
%?%alw	always_ # 

# gdd=
#%bec	because_ # gdd=bid=bed=gcc=tie=tee=ted
#%nec	necessary_ # !!!
#%bq	because # jsk
#%nei	neither_ # gdd=bid=bed...

%?bef	before_ 

# gdg=
#%beh	behind_ # gdg=get=big=yet=net=bit=bin=hit=ten=hey=ben
#%ben	beneath_ # gdg=get...
#%bet	between_ # gdg=get=big
#%bey	beoynd_ #

# gds=
#%bel	below_ # gds=new=his=yes=tel=bio=gel=geo
#%bes	beside_ # gds=new=his=yes=tel=bio

%?bl	blind_ # BL
%?brl	braille_ 
%?chn	children_
%?concv	conceive_ # !!!
%?concvg conceiving_ # !!!

# dd=
%?cd	could_
#%ei	either_

%?dev	decieve_
%?devg	decieving_ # ddfg=dirt
%?dcl	declare_ # dds=del=cds=ceo=eco-dis
%?dclg	declaring_ #ddsg=icon=dish=dist

#%fst	first_ # fsg=job=mon=usb=msn=fly=von=rob...
#%mst	must_ # fsg

%?fr	friend_ # ff=mr

# gd=
%?gd	good_ # gd=be
#%td	today_ # gd=be=he=hi

%?grt	great_
%?herf	herself_ # == himself!!!

# gf=
#%hm	him_ # gf=hm=tv... ???
#%tm	tomorrow_ # gf=tv (many)
#%yr	your_

# gff=
#%hmf	himself_p # gff=buf !!!
#%yrf	yourself_ # gff=buf seen before???

%?imm	immediate_ # dff=eur=cum

# sf=or=
%?lr	letter_
#%xf	itself_ # just type it


# ll=so=os
%?ll	little_ # later ???
#%xs	its_ # just type

%?mch	much_ # fdg=men
%?myf	myself_ # fgf=mtv # !!!
%?onef	oneself_
%?1f	oneself_ # jsk ??? not in dict!
%?ourvs	ourselves_ # !!!
%?percv	perceive_ # ??? not in dict
%?percvg	perceiving_ # ??? not in dict
%?perh	perhaps_ # !!!
%?rcv	recieve_ # fdf=jim=ref=rev=mem
%?rcvg	recieving_
%?rjc	rejoice_ # ffd=fri=mud !!!
%?rjcg	rejoicing_ # ffdg=much=judy

# sd=we=ok=le
#%sd	said_ # just type it
#%wd	would_ # just type it

%?shd	should_
%?sch	such_
%?themvs	themselves_ # !!!
%?thyf	thyself_ # !!!
%?tgr	together_ # ggf=thu=gnu !!!
%?tn	tonight_ gg=by=ny
%?yrvs	yourselves_


# retired contractions (not UEB)
# ation
# ally
# dd
# ble # maps to god
# com
# to
# into
# by 
%oc_	"o'clock_" # ok!

# currency and measurement
#cent
#dollar
#euro
#Brittish Pound
#feet
#inches

## special symbols
# percent %
# degree
# angle
# hashtag #
# amperand &
# copyright (c)
# trademark (TM)
# superscript ^
# subscript _
# bullet *
# at-sign @
# asterix *
# :!! dot locator for mention???

## indicators
# (mode)
# .! numeric 
# . capital letter
# .. capital word
# ... capital passage
# ., capital terminator
# : symbol
# :: word
# ::: passage
# :. terminator

## Typeform
# (formatting)
# italic symbol
# italic word
# italic passage
# italic terminator
# bold symbol
# bold word
# bold passage
# bold terminator
# underline symbol
# underline word
# underline passage
# underline terminator
# script symbol
# script word
# script passage
# script terminator

## punctuation
# ,
# .
# '
# :
# -
# hyphen -
# emdash --
# !
# ?
# ;
# ...
# /
# \
# " open and close (different)
# ' open and close (different)


## doubles, triples
# jsk additions
%aa_	an_ # conflict on ag=at
#%aaa_
%ss_	so_ # anyway!
#%dd_   the_ # D'
%ff_	to_ # i think it's from braille
%fff_	too_ # this too
#%gg_	by_ // gg=by (gg)braille=where
%ggg_	yes_ (ggg=thy)
%gggg_	where_

%whr_	where_ # maybe? or str/obj?

# don't like braille having q as question?
#    'q': 'quite',
#    'qq': 'quick',
#    'qqq': 'question',

%w_	with_ # override w=will
%ee_	ever_
%r_	are_ # override r=rather
#%tt_   # tt=by 

# z no matter, is, as are unique
# 'x': 'it',
%xx_	thanks_
%xxx_	kiss_
#    'c': 'can',
%cc_	con
%v_	very_ # bad word?

# vv = mr ??? wtf?
# //'bb': 'be', // too many chars
%gff_	before_ # gff=bfr or gggg
#    'y': 'you',
#    'yyyy': 'yes', // hmmm?
#    'yyyyy': 'young', // conflict?
%dd_	I_
#    'oo': 'one',
    
%hh_	have_
%kk_	Okay_
%ll_	later_
%nn_	no_
%nnn_	now_
%nnnn_	name_
#%mm_	many_ # fagg=many=math
%mm_	Mr_
%mmm_   man_
%mmmm_	made_ # ffff=mmmm 4 l made (confl make)
%hh_	here # gdfd=time=here=give
#    // there
#    // where
#    // ought = sunny
#    // question (qq) braille q
#    // know
#    // lord
dag_	day_ # TODO: safe for ending?

# === at beginning of word
# TODO: jsk not clear how to implement
# a_  'and '
# a__ 
# s_  'said '
# s__ 'she '
# d_  'said '
# f_  'from '
# f__ ???
# g_  'the ' (right finger)
# g__ 'there '
# g___ 'than'

# === at ending of word
# TODO: jsk not clear how to implement
# (hold key and tap space)
# a_  -able (or b_? jsk)
#     -ant (jsk)
# a__ -ance

# s_  -sion
# s__ -ness
# s___ -ally (y_ Y in braille)

# d_  -ound
# d__ -day

# f_  -ful
# f__ -ough

# g_  -ing
# g__ -tion (t_)

# = left hand
# e_  -ence
#     -ed (jsk)
# t_  -ount
#     -tory (jsk)

# = right hand
# y_
# u_ foobar
# i_  -ish (jsk)
#     -ist (jsk)
#     -ism (jsk)
#     -ization (jsk)
# o_  -ong
# l_  -less
# m_  -ment
# n_  -action (N in braille)
#      -ity
# ^^^^^^^^^^^^^^^^^^^^^^^^^^^^^^^^^^^^
# TODO: jsk not clear how to implement
