# this file contains spelled out special characters

## numbers
zero	0
one	1
two	2
three	3
four	4
five	5
six	6
seven	7
eight	8
nine	9
ten	10 # lol

## special characters
exclaim	:DELSPC!_:NEXTCAP
bang	:DELSPC!_:NEXTCAP
at	:DELSPC@
hash	#
dollar	$
percent	%
amp	&
ampersand	&
up	^
circumflex	^
hat	^
times	*
star	*
asterisk	*
paren	(:CURSOR)
rparen	(
lparen	)
under	:DELSPC__ # TODO: how to type _
underscore	:DELSPC__ # hehe
plus	+
minus	-
emdash	:DELSPC—
em	:DELSPC—
equal	=
curly	{:CURSOR}
lcurly	{
rcurly	}
lcur	{
rcur	}
bar	|
square	[:CURSOR]
rsquare	[
lsquare	]
sq	[:CURSOR]
rsq	[
lsq	]
backslash	\
back	\
colon	:
semicolon	;
quote	"
double	"
doublequote	"
singlequote	'
single	'
diamond	<>
ltgt	<>
lessthan	<
less	<
lt	<
morethan	>
greaterthan	>
more	>
greater	>
gt	>
lte	<=
gte	>=
ne	!=
ee	==
eee	===
questionmark	?
question	?
que	?
comma	:DELSPC,_
period	:DELSPC._:NEXTCAP
dot	:DELSPC._:NEXTCAP
slash	/
backtick	`
tilde	~

## more special
copy	©
copyright ©
trademark	™
tm	™

## calculcate
add	:ADD
sub	:SUB
mul	:MUL
div	:DIV

sum	:SUM
prod	:PROD

fac	:FAC
over	:OVER

round	:ROUND
floor	:FLOOR
ceil	:CEIL

pow	:POW

calc	:ADD :SUB :MUL :DIV :SUM :PROD :FAC :OVER :ROUND :FLOOR :CEIL :POW

## calendar
day	06:00_\n07:00_\n08:00_\n09:00_\n10:00_\n11:00_\n12:00_\n13:00_\n14:00_\n15:00_\n16:00_\n17:00_\n18:00_\n19:00_\n20:00_\n21:00_\n22:00_\n23:00_\n
week	Monday:_\nTuesday:_\nWednesday:_\nThursdy:_\nFriday:_\nSaturday:_\nSunday:_
year	January:_\nFebruary:_\nMarch:_\nApril:_\nMay:_\nJune:_\nJuly:_\nAugust:_\nSeptember:_\nOctober:_\nNovember:_\nDecemeber:_

## dub dub dub
sss	www.
com	.com
#org	.org # conflict :SUB
