# this file contains spelled out characters

## letters
# https://grammarist.com/spelling/letter-names/
#aee	a # asdfg
bee	b
cee	c
#dee	d # asdfg
ee	e
#eff	f # asdfg
#gee	g # asdfg
eih	h
aitch	h
ai	i
jay	j
kay	k
ell	l
emm	m
enn	n
ou	o
oo	o
pee	p
cue	q
qiu	q
aar	r
#ess	s # asdfg
tee	t
you	u
vee	v
dub	w
doubleyou	w
double	w
dbl	w
exx	x
why	y
wai	y
#zee	z # conflict pee
#zed	z # conflict pee
sed	z # ok...
aaa	z # ok, right


## numbers
zero	0
one	1
two	2
three	3
four	4
five	5
six	6
seven	7
eight	8
nine	9
ten	10 # lol

## special characters
exclaim	:DELSPC!_:NEXTCAP
bang	:DELSPC!_:NEXTCAP
at	:DELSPC@
hash	#
dollar	$
percent	%
amp	&
ampersand	&
up	^
circumflex	^
hat	^
times	*
star	*
asterix	*
paren	(:CURSOR)
rparen	(
lparen	)
under	:DELSPC__ # TODO: how to type _
underscore	:DELSPC__ # hehe
plus	+
minus	-
emdash	:DELSPC—
em	:DELSPC—
equal	=
curly	{:CURSOR}
lcurly	{
rcurly	}
lcur	{
rcur	}
bar	|
square	[:CURSOR]
rsquare	[
lsquare	]
sq	[:CURSOR]
rsq	[
lsq	]
backslash	\
back	\
colon	:
semicolon	;
quote	"
double	"
doublequote	"
singlequote	'
single	'
diamond	<>
lessthan	<
less	<
lt	<
morethan	>
greaterthan	>
more	>
greater	>
gt	>
lte	<=
gte	>=
ne	!=
ee	==
eee	===
questionmark	?
question	?
que	?
comma	:DELSPC,_
period	:DELSPC._:NEXTCAP
dot	:DELSPC._:NEXTCAP
slash	/
backtick	`
tilde	~

## more special
copy	©
copyright ©
trademark	™
tm	™
