# short words either override or new
%ddf_	I'm_
#%dd_	Okay_ # nah, dd=I is more important
%gsffd_	you're_
%dddgg_	didn't_
%gsfss	you'll
%yl_	you'll_
%yr_	your_
%yrf_	yourself_
%dff_	immediate_
%sasgg_	wasn't_

# writing
_-A>F	,"_he_said._
_-F>A	,"_she_said._

# 24 "chords" (32-1-5-?)
#:AS
#:ASD
#:ASDF
#:{ASDFG} # difficult (many kb cant)
#:ASF
#:ASFG
#:AD
#:ADF
#:ADFG
#:ADG
#:AF
#:AFG
#:AG
#:SD
#:SDF
#:SDFG
#:SDG
#:SF
#:SFG
:DF	HE	# think as person
#:DFG	# impossible on my keyb!
#:DG
:FG	HERE	# ok it's a hack!

%aaHE	:DELSPC_tshe_	# t'she ts'he it
%aHE	:DELSPC_anyone_ # AnyPERSON
%asHE	:DELSPC_anyone_ # as=AnyWon
%saHE	:DELSPC_someone_ # sa=SomeWon
%sHE	:DELSPC_she_

%dHE	:DELSPC_him_
%dsHE	:DELSPC_his_

%fHE	:DELSPC_her_
%fsHE	:DELSPC_hers_

%gHE	:DELSPC_they_	# g=T=Y
%gdHE	:DELSPC_their_  # d=E (or ggddf)
%gsHE	:DELSPC_theirs_ # s=S (or ggddfs)
%gfHE	:DELSPC_them_   # f=M (or ggdm)

%HE	:DELSPC_he_	# default, hmmm :-(

%aHERE	:DELSPC_what_
%sHERE	:DELSPC_where_
%ssHERE	:DELSPC_somewhere_
%asHERE	:DELSPC_anywhere_
%dsHERE	:DELSPC_everywhere_
%gsHERE	:DELSPC_nowhere_

%dHERE	:DELSPC_when_
%fHERE	:DELSPC_why_
%gHERE	:DELSPC_there_
%HERE	:DELSPC_here_

#    'th': 'this',


# just some words
%asfdggg	alright

# FREE 2 letters!
# %af
# %da	# (CA)	
# %ad
# %gf 	# (TV)





### end

