we
are
were
any
and
can
be
did
said
if
its
first
his
has
he
she
when
had
that
this
with
the
have
these
where
do
of
two
get
or
for
good
us
now
you
down
but
not
about
just
your
before
because
all
will
like
well
over
who
how
only
would
into
other
could
man
my
made
him
make
them
up
some
most
more
from
don
people
much

fact
set
san
eyes
need
fan
ran
next
best
went
years
ask
wait
ever
five
tried
ah
han
yeah
bit
hit
heard
wood
cost
order
words
offered
soon
anyone
done
use
town
often
course
once
look
lie
till
lot
fall
still
lost
call
last
tell
felt
life
told
lives
work
least
oh
hall
soul
john
alone
lay
should
house
thought
again
having
such
looking
without
through
another
already
however
pass
deep
we'd
passed
pat
past
per
part
step
press
we're
perfect
am
ms
mass
many
seemed
same
camp
pants
remember
mr
army
matter
spent
mrs
came
parents
i
keep
speak
paid
tip
pick
pack
trip
i've
private
it's
we've
paris
pain
ship
miss
spanish
i'm
happy
she'd
mind
path
smith
captain
match
remain
haven't
didn't
that's
perhaps
pope
possessed
exposed
top
gap
stop
post
report
poor
page
stopped
process
power
sum
jump
woman
money
women
put
among
famous
moscow
't
person
company
major
pool
lap
slip
lips
apple
pale
spoke
people's
we'll
please
pilot
split
politics
capital
political
prove
april
plate
replied
police
place
million
human
shop
mission
small
home
example
play
simply
pulled
explained
played
might
film
imagination
almost
making
government
mother
family
important
something
possible
especially
himself
