# http://www.uefap.com/vocab/build/building.htm#:~:text=The%20most%20common%20suffixes%20are%3A%20-tion%2C%20-ity%2C,%2C%20-age%2C%20-ery.

# verb prefixes -> verb
re-
dis-
over-
un-
mis-
out-
be-
co-
de-
fore-
inter-
pre-
sub-
trans-
under-

# suffix used to form verbse
-ise -ize
-ate
-fy
-ify
-en

# nouns

## most common in academia
co-
sub-

-tion
-ity
-er
-ness
-ism
-ment
-ant
-ship
-age
-ery

# hmmm?
-ity

## prefix+noun->noun
anti-
auto-
bi-
co-
counter-
dis-
ex-
hyper-
in-
inter-
kilo-
mal-
mega-
mis-
mini-
mono-
neo-
out-
poly-
pseudo-
re-
semi-
sub-
super-
sur-
tele-
tri-
ultra-
under-
vice-

# verb|noun|adj + suffix -> noun
-tion
-sion
-er
-ment
-ant
-ent
-age
-al
-ence
-ance
-ery
-ry

-er
-ism
-ship
-age

-ity
-ness
-cy


# adjectives

-less
-ous

## negative prefixes
un-
in-
im-
ir-
il-
non-
dis-

## most common suffixes
-al
-ent
-ive
-ous
-ful
-less
-able

# others are
-ity
-ness
-age
-ery
-al
-ance

# 26 common suffixes in english
-acy
-al
-ance
-ence
-dom
-er
-or
-ism
-ist
-ity
-ty
-ment
-ness
-sion
-tion

#
-ward
-wise


# https://www.myenglishteacher.eu/blog/prefixes-suffixes-list/

en-
em-

mis-
a-

-s
-es

-ed

-able
-ible

-al
-ial

ante-
anti-

circum-
de-
dis-

epi-
ex-
extra-
fore-

home-
hyper-
infra-
inter-
intra-

macro-
micro-

mid-
mis-
omni-
para-
post-
pre-
semi-
sub-
therm-
trans-
tri-
uni-

nano-
milli-
centi
kilo-
mega-
giga-
tera-

epi-
endo-
eu-
hemi-
hetero-
poly-
iso-

di-
mono-

hyper-
hypo-
peri-

con-
ad-
anti-

auto-
pan-
dia-

neo-
ab-
retro-
tele-
be-
an-













-ise -ize
-ate
-fy
-ify
-en


-able
-ant
-ance
-sion
-ness
-ally (y_ Y in braille)
-ound
-day
-ough
-ing
-tion 
-ence
-ed
-ount
-tory
-ish
-est
-ist
-ism
-ization
-ong
-less
-ess
-ment
-action
-ity
